------------------------------------------------------------
TimeQuest Timing Analyzer Summary
------------------------------------------------------------

Type  : Slow Model Setup 'CLOCK_50'
Slack : -7.696
TNS   : -277.764

Type  : Slow Model Setup 'AUD_DACLRCK'
Slack : -1.835
TNS   : -137.816

Type  : Slow Model Hold 'AUD_DACLRCK'
Slack : 0.391
TNS   : 0.000

Type  : Slow Model Hold 'CLOCK_50'
Slack : 0.391
TNS   : 0.000

Type  : Slow Model Minimum Pulse Width 'AUD_DACLRCK'
Slack : -1.423
TNS   : -415.818

Type  : Slow Model Minimum Pulse Width 'CLOCK_50'
Slack : 7.873
TNS   : 0.000

Type  : Fast Model Setup 'CLOCK_50'
Slack : -3.358
TNS   : -100.885

Type  : Fast Model Setup 'AUD_DACLRCK'
Slack : -0.289
TNS   : -6.982

Type  : Fast Model Hold 'CLOCK_50'
Slack : 0.024
TNS   : 0.000

Type  : Fast Model Hold 'AUD_DACLRCK'
Slack : 0.215
TNS   : 0.000

Type  : Fast Model Minimum Pulse Width 'AUD_DACLRCK'
Slack : -1.423
TNS   : -415.818

Type  : Fast Model Minimum Pulse Width 'CLOCK_50'
Slack : 7.873
TNS   : 0.000

------------------------------------------------------------
